2025-05-15 23:42:37,413 - INFO - Log salvato in: execution_logs\script_execution_2025-05-15_23-42-37.log
2025-05-15 23:42:37,414 - INFO - Inizio esecuzione script principale.
2025-05-15 23:42:37,414 - INFO - Step 4: Elaborazione dei lobbisti.
2025-05-15 23:42:37,448 - INFO - package: mysql.connector.plugins
2025-05-15 23:42:37,448 - INFO - plugin_name: caching_sha2_password
2025-05-15 23:42:37,448 - INFO - AUTHENTICATION_PLUGIN_CLASS: MySQLCachingSHA2PasswordAuthPlugin
2025-05-15 23:42:37,472 - INFO - Processing lobbyist ID: 0014082722-83
2025-05-15 23:43:02,424 - WARNING - CropBox missing from /Page, defaulting to MediaBox
2025-05-15 23:43:02,427 - WARNING - CropBox missing from /Page, defaulting to MediaBox
2025-05-15 23:43:02,428 - WARNING - CropBox missing from /Page, defaulting to MediaBox
2025-05-15 23:43:02,429 - WARNING - CropBox missing from /Page, defaulting to MediaBox
2025-05-15 23:43:02,430 - WARNING - CropBox missing from /Page, defaulting to MediaBox
2025-05-15 23:43:02,431 - WARNING - CropBox missing from /Page, defaulting to MediaBox
2025-05-15 23:43:02,432 - WARNING - CropBox missing from /Page, defaulting to MediaBox
2025-05-15 23:43:02,433 - WARNING - CropBox missing from /Page, defaulting to MediaBox
2025-05-15 23:43:02,434 - WARNING - CropBox missing from /Page, defaulting to MediaBox
2025-05-15 23:43:02,434 - WARNING - CropBox missing from /Page, defaulting to MediaBox
2025-05-15 23:43:04,469 - WARNING - CropBox missing from /Page, defaulting to MediaBox
2025-05-15 23:43:04,469 - WARNING - CropBox missing from /Page, defaulting to MediaBox
2025-05-15 23:43:04,469 - WARNING - CropBox missing from /Page, defaulting to MediaBox
2025-05-15 23:43:04,469 - WARNING - CropBox missing from /Page, defaulting to MediaBox
2025-05-15 23:43:04,469 - WARNING - CropBox missing from /Page, defaulting to MediaBox
2025-05-15 23:43:04,470 - WARNING - CropBox missing from /Page, defaulting to MediaBox
2025-05-15 23:43:04,470 - WARNING - CropBox missing from /Page, defaulting to MediaBox
2025-05-15 23:43:04,470 - WARNING - CropBox missing from /Page, defaulting to MediaBox
2025-05-15 23:43:04,470 - WARNING - CropBox missing from /Page, defaulting to MediaBox
2025-05-15 23:43:04,470 - WARNING - CropBox missing from /Page, defaulting to MediaBox
