2025-05-16 16:40:33,960 - INFO - Log salvato in: execution_logs\script_execution_2025-05-16_16-40-33.log
2025-05-16 16:40:33,960 - INFO - Inizio esecuzione script principale.
2025-05-16 16:40:33,960 - INFO - Step 1: Backup del database e troncamento delle tabelle.
2025-05-16 16:40:33,995 - INFO - package: mysql.connector.plugins
2025-05-16 16:40:33,995 - INFO - plugin_name: caching_sha2_password
2025-05-16 16:40:33,995 - INFO - AUTHENTICATION_PLUGIN_CLASS: MySQLCachingSHA2PasswordAuthPlugin
2025-05-16 16:40:34,091 - INFO - Backup del database completato: db_history\backup_2025-05-16_16-40-33.sql
2025-05-16 16:40:34,383 - INFO - Backup e troncamento completati con successo.
2025-05-16 16:40:34,383 - INFO - Step 2: Estrazione dei rappresentanti della commissione.
2025-05-16 16:40:37,933 - INFO - Estrazione dei rappresentanti completata.
2025-05-16 16:40:37,933 - INFO - Step 3: Raccolta degli ID dei lobbisti.
2025-05-16 16:40:37,934 - INFO - Scraping letter A...
2025-05-16 16:41:28,035 - INFO - Scraping letter B...
2025-05-16 16:41:49,779 - INFO - Scraping letter C...
2025-05-16 16:42:26,740 - INFO - Scraping letter D...
2025-05-16 16:42:45,821 - INFO - Scraping letter E...
2025-05-16 16:43:43,166 - INFO - Scraping letter F...
2025-05-16 16:44:14,002 - INFO - Scraping letter G...
2025-05-16 16:44:27,633 - INFO - Scraping letter H...
2025-05-16 16:44:40,080 - INFO - Scraping letter I...
2025-05-16 16:45:08,151 - INFO - Scraping letter J...
2025-05-16 16:45:11,395 - INFO - Scraping letter K...
2025-05-16 16:45:19,073 - INFO - Scraping letter L...
2025-05-16 16:45:30,025 - INFO - Scraping letter M...
2025-05-16 16:45:47,094 - INFO - Scraping letter N...
2025-05-16 16:45:59,489 - INFO - Scraping letter O...
2025-05-16 16:46:09,245 - INFO - Scraping letter P...
2025-05-16 16:46:29,729 - INFO - Scraping letter Q...
2025-05-16 16:46:31,999 - INFO - Scraping letter R...
2025-05-16 16:46:48,352 - INFO - Scraping letter S...
2025-05-16 16:47:32,027 - INFO - Scraping letter T...
2025-05-16 16:47:53,022 - INFO - Scraping letter U...
2025-05-16 16:48:04,493 - INFO - Scraping letter V...
2025-05-16 16:48:16,769 - INFO - Scraping letter W...
2025-05-16 16:48:24,653 - INFO - Scraping letter X...
2025-05-16 16:48:25,434 - INFO - Scraping letter Y...
2025-05-16 16:48:26,945 - INFO - Scraping letter Z...
2025-05-16 16:48:29,866 - INFO - Raccolta ID lobbisti completata.
2025-05-16 16:48:29,866 - INFO - Step 4: Elaborazione dei lobbisti.
2025-05-16 16:48:29,958 - INFO - Processing lobbyist ID: 000075850398-74
2025-05-16 16:48:30,562 - WARNING - CropBox missing from /Page, defaulting to MediaBox
2025-05-16 16:48:30,586 - WARNING - CropBox missing from /Page, defaulting to MediaBox
2025-05-16 16:48:30,587 - INFO - Processing lobbyist ID: 000104242849-49
2025-05-16 16:48:31,165 - WARNING - CropBox missing from /Page, defaulting to MediaBox
2025-05-16 16:48:31,203 - WARNING - CropBox missing from /Page, defaulting to MediaBox
2025-05-16 16:48:31,203 - INFO - Processing lobbyist ID: 000142439924-52
2025-05-16 16:48:31,707 - WARNING - CropBox missing from /Page, defaulting to MediaBox
2025-05-16 16:48:31,733 - WARNING - CropBox missing from /Page, defaulting to MediaBox
2025-05-16 16:48:31,733 - INFO - Processing lobbyist ID: 000182225214-48
2025-05-16 16:48:32,331 - WARNING - CropBox missing from /Page, defaulting to MediaBox
2025-05-16 16:48:32,348 - WARNING - CropBox missing from /Page, defaulting to MediaBox
2025-05-16 16:48:32,348 - INFO - Processing lobbyist ID: 0001976677-12
2025-05-16 16:48:33,474 - WARNING - CropBox missing from /Page, defaulting to MediaBox
2025-05-16 16:48:33,476 - WARNING - CropBox missing from /Page, defaulting to MediaBox
2025-05-16 16:48:33,477 - WARNING - CropBox missing from /Page, defaulting to MediaBox
2025-05-16 16:48:33,696 - WARNING - CropBox missing from /Page, defaulting to MediaBox
2025-05-16 16:48:33,696 - WARNING - CropBox missing from /Page, defaulting to MediaBox
2025-05-16 16:48:33,696 - WARNING - CropBox missing from /Page, defaulting to MediaBox
2025-05-16 16:48:33,697 - INFO - Processing lobbyist ID: 000244295913-08
2025-05-16 16:48:34,202 - WARNING - CropBox missing from /Page, defaulting to MediaBox
2025-05-16 16:48:34,224 - WARNING - CropBox missing from /Page, defaulting to MediaBox
2025-05-16 16:48:34,225 - INFO - Processing lobbyist ID: 000422497674-67
2025-05-16 16:48:34,710 - WARNING - CropBox missing from /Page, defaulting to MediaBox
2025-05-16 16:48:34,726 - WARNING - CropBox missing from /Page, defaulting to MediaBox
2025-05-16 16:48:34,726 - INFO - Processing lobbyist ID: 000527594184-73
2025-05-16 16:48:35,212 - WARNING - CropBox missing from /Page, defaulting to MediaBox
2025-05-16 16:48:35,236 - WARNING - CropBox missing from /Page, defaulting to MediaBox
2025-05-16 16:48:35,236 - INFO - Processing lobbyist ID: 000688397923-96
2025-05-16 16:48:35,746 - WARNING - CropBox missing from /Page, defaulting to MediaBox
2025-05-16 16:48:35,762 - WARNING - CropBox missing from /Page, defaulting to MediaBox
2025-05-16 16:48:35,763 - INFO - Processing lobbyist ID: 000695351467-52
2025-05-16 16:48:36,299 - WARNING - CropBox missing from /Page, defaulting to MediaBox
2025-05-16 16:48:36,321 - WARNING - CropBox missing from /Page, defaulting to MediaBox
2025-05-16 16:48:36,321 - INFO - Processing lobbyist ID: 000764914245-74
2025-05-16 16:48:36,885 - WARNING - CropBox missing from /Page, defaulting to MediaBox
2025-05-16 16:48:36,904 - WARNING - CropBox missing from /Page, defaulting to MediaBox
2025-05-16 16:48:36,904 - INFO - Processing lobbyist ID: 00086317186-42
2025-05-16 16:48:37,905 - WARNING - CropBox missing from /Page, defaulting to MediaBox
2025-05-16 16:48:37,905 - WARNING - CropBox missing from /Page, defaulting to MediaBox
2025-05-16 16:48:38,021 - WARNING - CropBox missing from /Page, defaulting to MediaBox
2025-05-16 16:48:38,022 - WARNING - CropBox missing from /Page, defaulting to MediaBox
2025-05-16 16:48:38,022 - INFO - Processing lobbyist ID: 000889444601-32
2025-05-16 16:48:38,526 - WARNING - CropBox missing from /Page, defaulting to MediaBox
2025-05-16 16:48:38,543 - WARNING - CropBox missing from /Page, defaulting to MediaBox
2025-05-16 16:48:38,543 - INFO - Processing lobbyist ID: 00098856602-24
2025-05-16 16:48:39,506 - WARNING - CropBox missing from /Page, defaulting to MediaBox
2025-05-16 16:48:39,507 - WARNING - CropBox missing from /Page, defaulting to MediaBox
2025-05-16 16:48:39,614 - WARNING - CropBox missing from /Page, defaulting to MediaBox
2025-05-16 16:48:39,614 - WARNING - CropBox missing from /Page, defaulting to MediaBox
2025-05-16 16:48:39,614 - INFO - Processing lobbyist ID: 001012493142-90
2025-05-16 16:48:40,159 - WARNING - CropBox missing from /Page, defaulting to MediaBox
2025-05-16 16:48:40,180 - WARNING - CropBox missing from /Page, defaulting to MediaBox
2025-05-16 16:48:40,181 - INFO - Processing lobbyist ID: 001034597151-46
2025-05-16 16:48:40,705 - WARNING - CropBox missing from /Page, defaulting to MediaBox
2025-05-16 16:48:40,724 - WARNING - CropBox missing from /Page, defaulting to MediaBox
2025-05-16 16:48:40,724 - INFO - Processing lobbyist ID: 001034695847-74
2025-05-16 16:48:41,248 - WARNING - CropBox missing from /Page, defaulting to MediaBox
2025-05-16 16:48:41,272 - WARNING - CropBox missing from /Page, defaulting to MediaBox
2025-05-16 16:48:41,272 - INFO - Processing lobbyist ID: 001133594410-22
2025-05-16 16:48:41,812 - WARNING - CropBox missing from /Page, defaulting to MediaBox
2025-05-16 16:48:41,830 - WARNING - CropBox missing from /Page, defaulting to MediaBox
2025-05-16 16:48:41,830 - INFO - Processing lobbyist ID: 001245815997-85
2025-05-16 16:48:42,722 - WARNING - CropBox missing from /Page, defaulting to MediaBox
2025-05-16 16:48:42,783 - WARNING - CropBox missing from /Page, defaulting to MediaBox
2025-05-16 16:48:42,783 - INFO - Processing lobbyist ID: 001339619562-21
2025-05-16 16:48:43,327 - WARNING - CropBox missing from /Page, defaulting to MediaBox
2025-05-16 16:48:43,351 - WARNING - CropBox missing from /Page, defaulting to MediaBox
2025-05-16 16:48:43,351 - INFO - Processing lobbyist ID: 001373249269-75
2025-05-16 16:48:43,911 - WARNING - CropBox missing from /Page, defaulting to MediaBox
2025-05-16 16:48:43,937 - WARNING - CropBox missing from /Page, defaulting to MediaBox
2025-05-16 16:48:43,938 - INFO - Processing lobbyist ID: 0014082722-83
2025-05-16 16:48:46,558 - WARNING - CropBox missing from /Page, defaulting to MediaBox
2025-05-16 16:48:46,559 - WARNING - CropBox missing from /Page, defaulting to MediaBox
2025-05-16 16:48:46,560 - WARNING - CropBox missing from /Page, defaulting to MediaBox
2025-05-16 16:48:46,561 - WARNING - CropBox missing from /Page, defaulting to MediaBox
2025-05-16 16:48:46,562 - WARNING - CropBox missing from /Page, defaulting to MediaBox
2025-05-16 16:48:46,563 - WARNING - CropBox missing from /Page, defaulting to MediaBox
2025-05-16 16:48:46,564 - WARNING - CropBox missing from /Page, defaulting to MediaBox
2025-05-16 16:48:46,565 - WARNING - CropBox missing from /Page, defaulting to MediaBox
2025-05-16 16:48:46,567 - WARNING - CropBox missing from /Page, defaulting to MediaBox
2025-05-16 16:48:46,568 - WARNING - CropBox missing from /Page, defaulting to MediaBox
2025-05-16 16:48:47,668 - WARNING - CropBox missing from /Page, defaulting to MediaBox
2025-05-16 16:48:47,668 - WARNING - CropBox missing from /Page, defaulting to MediaBox
2025-05-16 16:48:47,668 - WARNING - CropBox missing from /Page, defaulting to MediaBox
2025-05-16 16:48:47,669 - WARNING - CropBox missing from /Page, defaulting to MediaBox
2025-05-16 16:48:47,669 - WARNING - CropBox missing from /Page, defaulting to MediaBox
2025-05-16 16:48:47,669 - WARNING - CropBox missing from /Page, defaulting to MediaBox
2025-05-16 16:48:47,669 - WARNING - CropBox missing from /Page, defaulting to MediaBox
2025-05-16 16:48:47,670 - WARNING - CropBox missing from /Page, defaulting to MediaBox
2025-05-16 16:48:47,670 - WARNING - CropBox missing from /Page, defaulting to MediaBox
2025-05-16 16:48:47,670 - WARNING - CropBox missing from /Page, defaulting to MediaBox
2025-05-16 16:48:47,670 - INFO - Processing lobbyist ID: 001531620369-40
2025-05-16 16:48:48,197 - WARNING - CropBox missing from /Page, defaulting to MediaBox
2025-05-16 16:48:48,232 - WARNING - CropBox missing from /Page, defaulting to MediaBox
2025-05-16 16:48:48,232 - INFO - Processing lobbyist ID: 00162715418-92
2025-05-16 16:48:48,995 - WARNING - CropBox missing from /Page, defaulting to MediaBox
2025-05-16 16:48:48,997 - WARNING - CropBox missing from /Page, defaulting to MediaBox
2025-05-16 16:48:49,142 - WARNING - CropBox missing from /Page, defaulting to MediaBox
2025-05-16 16:48:49,142 - WARNING - CropBox missing from /Page, defaulting to MediaBox
2025-05-16 16:48:49,142 - INFO - Processing lobbyist ID: 001634749272-03
2025-05-16 16:48:49,741 - WARNING - CropBox missing from /Page, defaulting to MediaBox
2025-05-16 16:48:49,798 - WARNING - CropBox missing from /Page, defaulting to MediaBox
2025-05-16 16:48:49,799 - INFO - Processing lobbyist ID: 001688341517-07
2025-05-16 16:48:50,346 - WARNING - CropBox missing from /Page, defaulting to MediaBox
2025-05-16 16:48:50,394 - WARNING - CropBox missing from /Page, defaulting to MediaBox
2025-05-16 16:48:50,394 - INFO - Processing lobbyist ID: 001814832718-07
2025-05-16 16:48:50,886 - WARNING - CropBox missing from /Page, defaulting to MediaBox
2025-05-16 16:48:50,933 - WARNING - CropBox missing from /Page, defaulting to MediaBox
2025-05-16 16:48:50,934 - INFO - Processing lobbyist ID: 001852197924-10
2025-05-16 16:48:51,515 - WARNING - CropBox missing from /Page, defaulting to MediaBox
2025-05-16 16:48:51,556 - WARNING - CropBox missing from /Page, defaulting to MediaBox
2025-05-16 16:48:51,556 - INFO - Processing lobbyist ID: 001866415031-87
2025-05-16 16:48:53,282 - WARNING - CropBox missing from /Page, defaulting to MediaBox
2025-05-16 16:48:53,282 - WARNING - CropBox missing from /Page, defaulting to MediaBox
2025-05-16 16:48:53,283 - WARNING - CropBox missing from /Page, defaulting to MediaBox
2025-05-16 16:48:53,284 - WARNING - CropBox missing from /Page, defaulting to MediaBox
2025-05-16 16:48:53,285 - WARNING - CropBox missing from /Page, defaulting to MediaBox
2025-05-16 16:48:53,882 - WARNING - CropBox missing from /Page, defaulting to MediaBox
2025-05-16 16:48:53,882 - WARNING - CropBox missing from /Page, defaulting to MediaBox
2025-05-16 16:48:53,882 - WARNING - CropBox missing from /Page, defaulting to MediaBox
2025-05-16 16:48:53,882 - WARNING - CropBox missing from /Page, defaulting to MediaBox
2025-05-16 16:48:53,883 - WARNING - CropBox missing from /Page, defaulting to MediaBox
2025-05-16 16:48:53,883 - INFO - Processing lobbyist ID: 001908294805-68
2025-05-16 16:48:54,376 - WARNING - CropBox missing from /Page, defaulting to MediaBox
2025-05-16 16:48:54,443 - WARNING - CropBox missing from /Page, defaulting to MediaBox
2025-05-16 16:48:54,444 - INFO - Processing lobbyist ID: 001968511387-52
2025-05-16 16:48:54,739 - ERROR - Traceback (most recent call last):
2025-05-16 16:48:54,740 - ERROR - File "c:\Users\cribe\OneDrive\Test Magistrale\DB Populator\main.py", line 105, in <module>
2025-05-16 16:48:54,741 - ERROR - process_lobbyists(batch_size, country_file)
2025-05-16 16:48:54,741 - ERROR - File "c:\Users\cribe\OneDrive\Test Magistrale\DB Populator\main.py", line 69, in process_lobbyists
2025-05-16 16:48:54,742 - ERROR - soup = get_soup(lobbyist_id)
2025-05-16 16:48:54,743 - ERROR - ^
2025-05-16 16:48:54,743 - ERROR - ^
2025-05-16 16:48:54,744 - ERROR - ^
2025-05-16 16:48:54,744 - ERROR - ^
2025-05-16 16:48:54,745 - ERROR - ^
2025-05-16 16:48:54,746 - ERROR - ^
2025-05-16 16:48:54,747 - ERROR - ^
2025-05-16 16:48:54,748 - ERROR - ^
2025-05-16 16:48:54,749 - ERROR - ^
2025-05-16 16:48:54,751 - ERROR - ^
2025-05-16 16:48:54,751 - ERROR - ^
2025-05-16 16:48:54,751 - ERROR - ^
2025-05-16 16:48:54,752 - ERROR - ^
2025-05-16 16:48:54,752 - ERROR - ^
2025-05-16 16:48:54,752 - ERROR - ^
2025-05-16 16:48:54,753 - ERROR - ^
2025-05-16 16:48:54,753 - ERROR - ^
2025-05-16 16:48:54,754 - ERROR - ^
2025-05-16 16:48:54,754 - ERROR - ^
2025-05-16 16:48:54,755 - ERROR - ^
2025-05-16 16:48:54,755 - ERROR - ^
2025-05-16 16:48:54,756 - ERROR - File "c:\Users\cribe\OneDrive\Test Magistrale\DB Populator\modules\utils.py", line 16, in get_soup
2025-05-16 16:48:54,757 - ERROR - response = session.get(url, timeout=10)
2025-05-16 16:48:54,757 - ERROR - ^
2025-05-16 16:48:54,758 - ERROR - ^
2025-05-16 16:48:54,758 - ERROR - ^
2025-05-16 16:48:54,758 - ERROR - ^
2025-05-16 16:48:54,758 - ERROR - ^
2025-05-16 16:48:54,758 - ERROR - ^
2025-05-16 16:48:54,758 - ERROR - ^
2025-05-16 16:48:54,759 - ERROR - ^
2025-05-16 16:48:54,759 - ERROR - ^
2025-05-16 16:48:54,759 - ERROR - ^
2025-05-16 16:48:54,760 - ERROR - ^
2025-05-16 16:48:54,760 - ERROR - ^
2025-05-16 16:48:54,761 - ERROR - ^
2025-05-16 16:48:54,761 - ERROR - ^
2025-05-16 16:48:54,761 - ERROR - ^
2025-05-16 16:48:54,762 - ERROR - ^
2025-05-16 16:48:54,762 - ERROR - ^
2025-05-16 16:48:54,762 - ERROR - ^
2025-05-16 16:48:54,762 - ERROR - ^
2025-05-16 16:48:54,763 - ERROR - ^
2025-05-16 16:48:54,763 - ERROR - ^
2025-05-16 16:48:54,763 - ERROR - ^
2025-05-16 16:48:54,763 - ERROR - ^
2025-05-16 16:48:54,764 - ERROR - ^
2025-05-16 16:48:54,764 - ERROR - ^
2025-05-16 16:48:54,764 - ERROR - ^
2025-05-16 16:48:54,764 - ERROR - ^
2025-05-16 16:48:54,764 - ERROR - ^
2025-05-16 16:48:54,764 - ERROR - File "C:\Users\cribe\AppData\Local\Packages\PythonSoftwareFoundation.Python.3.11_qbz5n2kfra8p0\LocalCache\local-packages\Python311\site-packages\requests\sessions.py", line 602, in get
2025-05-16 16:48:54,789 - ERROR - return self.request("GET", url, **kwargs)
2025-05-16 16:48:54,789 - ERROR - ^
2025-05-16 16:48:54,790 - ERROR - ^
2025-05-16 16:48:54,790 - ERROR - ^
2025-05-16 16:48:54,790 - ERROR - ^
2025-05-16 16:48:54,791 - ERROR - ^
2025-05-16 16:48:54,791 - ERROR - ^
2025-05-16 16:48:54,792 - ERROR - ^
2025-05-16 16:48:54,792 - ERROR - ^
2025-05-16 16:48:54,792 - ERROR - ^
2025-05-16 16:48:54,792 - ERROR - ^
2025-05-16 16:48:54,793 - ERROR - ^
2025-05-16 16:48:54,793 - ERROR - ^
2025-05-16 16:48:54,793 - ERROR - ^
2025-05-16 16:48:54,794 - ERROR - ^
2025-05-16 16:48:54,794 - ERROR - ^
2025-05-16 16:48:54,794 - ERROR - ^
2025-05-16 16:48:54,794 - ERROR - ^
2025-05-16 16:48:54,794 - ERROR - ^
2025-05-16 16:48:54,795 - ERROR - ^
2025-05-16 16:48:54,795 - ERROR - ^
2025-05-16 16:48:54,795 - ERROR - ^
2025-05-16 16:48:54,795 - ERROR - ^
2025-05-16 16:48:54,795 - ERROR - ^
2025-05-16 16:48:54,795 - ERROR - ^
2025-05-16 16:48:54,796 - ERROR - ^
2025-05-16 16:48:54,796 - ERROR - ^
2025-05-16 16:48:54,796 - ERROR - ^
2025-05-16 16:48:54,797 - ERROR - ^
2025-05-16 16:48:54,797 - ERROR - ^
2025-05-16 16:48:54,798 - ERROR - ^
2025-05-16 16:48:54,798 - ERROR - ^
2025-05-16 16:48:54,798 - ERROR - ^
2025-05-16 16:48:54,799 - ERROR - ^
2025-05-16 16:48:54,799 - ERROR - ^
2025-05-16 16:48:54,799 - ERROR - File "C:\Users\cribe\AppData\Local\Packages\PythonSoftwareFoundation.Python.3.11_qbz5n2kfra8p0\LocalCache\local-packages\Python311\site-packages\requests\sessions.py", line 589, in request
2025-05-16 16:48:54,800 - ERROR - resp = self.send(prep, **send_kwargs)
2025-05-16 16:48:54,801 - ERROR - ^
2025-05-16 16:48:54,801 - ERROR - ^
2025-05-16 16:48:54,802 - ERROR - ^
2025-05-16 16:48:54,802 - ERROR - ^
2025-05-16 16:48:54,802 - ERROR - ^
2025-05-16 16:48:54,803 - ERROR - ^
2025-05-16 16:48:54,803 - ERROR - ^
2025-05-16 16:48:54,803 - ERROR - ^
2025-05-16 16:48:54,804 - ERROR - ^
2025-05-16 16:48:54,804 - ERROR - ^
2025-05-16 16:48:54,805 - ERROR - ^
2025-05-16 16:48:54,805 - ERROR - ^
2025-05-16 16:48:54,805 - ERROR - ^
2025-05-16 16:48:54,805 - ERROR - ^
2025-05-16 16:48:54,806 - ERROR - ^
2025-05-16 16:48:54,806 - ERROR - ^
2025-05-16 16:48:54,806 - ERROR - ^
2025-05-16 16:48:54,807 - ERROR - ^
2025-05-16 16:48:54,807 - ERROR - ^
2025-05-16 16:48:54,807 - ERROR - ^
2025-05-16 16:48:54,807 - ERROR - ^
2025-05-16 16:48:54,808 - ERROR - ^
2025-05-16 16:48:54,808 - ERROR - ^
2025-05-16 16:48:54,808 - ERROR - ^
2025-05-16 16:48:54,808 - ERROR - ^
2025-05-16 16:48:54,808 - ERROR - ^
2025-05-16 16:48:54,808 - ERROR - ^
2025-05-16 16:48:54,809 - ERROR - ^
2025-05-16 16:48:54,809 - ERROR - ^
2025-05-16 16:48:54,809 - ERROR - ^
2025-05-16 16:48:54,809 - ERROR - File "C:\Users\cribe\AppData\Local\Packages\PythonSoftwareFoundation.Python.3.11_qbz5n2kfra8p0\LocalCache\local-packages\Python311\site-packages\requests\sessions.py", line 703, in send
2025-05-16 16:48:54,810 - ERROR - r = adapter.send(request, **kwargs)
2025-05-16 16:48:54,810 - ERROR - ^
2025-05-16 16:48:54,810 - ERROR - ^
2025-05-16 16:48:54,811 - ERROR - ^
2025-05-16 16:48:54,811 - ERROR - ^
2025-05-16 16:48:54,811 - ERROR - ^
2025-05-16 16:48:54,812 - ERROR - ^
2025-05-16 16:48:54,812 - ERROR - ^
2025-05-16 16:48:54,812 - ERROR - ^
2025-05-16 16:48:54,812 - ERROR - ^
2025-05-16 16:48:54,813 - ERROR - ^
2025-05-16 16:48:54,813 - ERROR - ^
2025-05-16 16:48:54,813 - ERROR - ^
2025-05-16 16:48:54,814 - ERROR - ^
2025-05-16 16:48:54,814 - ERROR - ^
2025-05-16 16:48:54,814 - ERROR - ^
2025-05-16 16:48:54,815 - ERROR - ^
2025-05-16 16:48:54,815 - ERROR - ^
2025-05-16 16:48:54,816 - ERROR - ^
2025-05-16 16:48:54,816 - ERROR - ^
2025-05-16 16:48:54,816 - ERROR - ^
2025-05-16 16:48:54,816 - ERROR - ^
2025-05-16 16:48:54,817 - ERROR - ^
2025-05-16 16:48:54,817 - ERROR - ^
2025-05-16 16:48:54,817 - ERROR - ^
2025-05-16 16:48:54,818 - ERROR - ^
2025-05-16 16:48:54,818 - ERROR - ^
2025-05-16 16:48:54,818 - ERROR - ^
2025-05-16 16:48:54,819 - ERROR - ^
2025-05-16 16:48:54,819 - ERROR - ^
2025-05-16 16:48:54,819 - ERROR - ^
2025-05-16 16:48:54,820 - ERROR - ^
2025-05-16 16:48:54,820 - ERROR - File "C:\Users\cribe\AppData\Local\Packages\PythonSoftwareFoundation.Python.3.11_qbz5n2kfra8p0\LocalCache\local-packages\Python311\site-packages\requests\adapters.py", line 667, in send
2025-05-16 16:48:54,833 - ERROR - resp = conn.urlopen(
2025-05-16 16:48:54,833 - ERROR - ^
2025-05-16 16:48:54,833 - ERROR - ^
2025-05-16 16:48:54,834 - ERROR - ^
2025-05-16 16:48:54,834 - ERROR - ^
2025-05-16 16:48:54,834 - ERROR - ^
2025-05-16 16:48:54,834 - ERROR - ^
2025-05-16 16:48:54,834 - ERROR - ^
2025-05-16 16:48:54,835 - ERROR - ^
2025-05-16 16:48:54,835 - ERROR - ^
2025-05-16 16:48:54,835 - ERROR - ^
2025-05-16 16:48:54,835 - ERROR - ^
2025-05-16 16:48:54,835 - ERROR - ^
2025-05-16 16:48:54,835 - ERROR - ^
2025-05-16 16:48:54,836 - ERROR - File "C:\Users\cribe\AppData\Local\Packages\PythonSoftwareFoundation.Python.3.11_qbz5n2kfra8p0\LocalCache\local-packages\Python311\site-packages\urllib3\connectionpool.py", line 787, in urlopen
2025-05-16 16:48:54,844 - ERROR - response = self._make_request(
2025-05-16 16:48:54,844 - ERROR - ^
2025-05-16 16:48:54,844 - ERROR - ^
2025-05-16 16:48:54,844 - ERROR - ^
2025-05-16 16:48:54,844 - ERROR - ^
2025-05-16 16:48:54,844 - ERROR - ^
2025-05-16 16:48:54,844 - ERROR - ^
2025-05-16 16:48:54,845 - ERROR - ^
2025-05-16 16:48:54,845 - ERROR - ^
2025-05-16 16:48:54,845 - ERROR - ^
2025-05-16 16:48:54,845 - ERROR - ^
2025-05-16 16:48:54,845 - ERROR - ^
2025-05-16 16:48:54,845 - ERROR - ^
2025-05-16 16:48:54,845 - ERROR - ^
2025-05-16 16:48:54,845 - ERROR - ^
2025-05-16 16:48:54,846 - ERROR - ^
2025-05-16 16:48:54,846 - ERROR - ^
2025-05-16 16:48:54,846 - ERROR - ^
2025-05-16 16:48:54,846 - ERROR - ^
2025-05-16 16:48:54,846 - ERROR - ^
2025-05-16 16:48:54,846 - ERROR - File "C:\Users\cribe\AppData\Local\Packages\PythonSoftwareFoundation.Python.3.11_qbz5n2kfra8p0\LocalCache\local-packages\Python311\site-packages\urllib3\connectionpool.py", line 534, in _make_request
2025-05-16 16:48:54,846 - ERROR - response = conn.getresponse()
2025-05-16 16:48:54,846 - ERROR - ^
2025-05-16 16:48:54,846 - ERROR - ^
2025-05-16 16:48:54,846 - ERROR - ^
2025-05-16 16:48:54,846 - ERROR - ^
2025-05-16 16:48:54,847 - ERROR - ^
2025-05-16 16:48:54,847 - ERROR - ^
2025-05-16 16:48:54,847 - ERROR - ^
2025-05-16 16:48:54,847 - ERROR - ^
2025-05-16 16:48:54,847 - ERROR - ^
2025-05-16 16:48:54,848 - ERROR - ^
2025-05-16 16:48:54,848 - ERROR - ^
2025-05-16 16:48:54,848 - ERROR - ^
2025-05-16 16:48:54,848 - ERROR - ^
2025-05-16 16:48:54,848 - ERROR - ^
2025-05-16 16:48:54,849 - ERROR - ^
2025-05-16 16:48:54,849 - ERROR - ^
2025-05-16 16:48:54,849 - ERROR - ^
2025-05-16 16:48:54,849 - ERROR - ^
2025-05-16 16:48:54,849 - ERROR - File "C:\Users\cribe\AppData\Local\Packages\PythonSoftwareFoundation.Python.3.11_qbz5n2kfra8p0\LocalCache\local-packages\Python311\site-packages\urllib3\connection.py", line 516, in getresponse
2025-05-16 16:48:54,858 - ERROR - httplib_response = super().getresponse()
2025-05-16 16:48:54,858 - ERROR - ^
2025-05-16 16:48:54,858 - ERROR - ^
2025-05-16 16:48:54,858 - ERROR - ^
2025-05-16 16:48:54,858 - ERROR - ^
2025-05-16 16:48:54,858 - ERROR - ^
2025-05-16 16:48:54,858 - ERROR - ^
2025-05-16 16:48:54,858 - ERROR - ^
2025-05-16 16:48:54,858 - ERROR - ^
2025-05-16 16:48:54,858 - ERROR - ^
2025-05-16 16:48:54,858 - ERROR - ^
2025-05-16 16:48:54,858 - ERROR - ^
2025-05-16 16:48:54,859 - ERROR - ^
2025-05-16 16:48:54,859 - ERROR - ^
2025-05-16 16:48:54,859 - ERROR - ^
2025-05-16 16:48:54,859 - ERROR - ^
2025-05-16 16:48:54,859 - ERROR - ^
2025-05-16 16:48:54,859 - ERROR - ^
2025-05-16 16:48:54,859 - ERROR - ^
2025-05-16 16:48:54,859 - ERROR - ^
2025-05-16 16:48:54,859 - ERROR - ^
2025-05-16 16:48:54,859 - ERROR - ^
2025-05-16 16:48:54,859 - ERROR - File "C:\Program Files\WindowsApps\PythonSoftwareFoundation.Python.3.11_3.11.2544.0_x64__qbz5n2kfra8p0\Lib\http\client.py", line 1395, in getresponse
2025-05-16 16:48:54,859 - ERROR - response.begin()
2025-05-16 16:48:54,860 - ERROR - File "C:\Program Files\WindowsApps\PythonSoftwareFoundation.Python.3.11_3.11.2544.0_x64__qbz5n2kfra8p0\Lib\http\client.py", line 325, in begin
2025-05-16 16:48:54,860 - ERROR - version, status, reason = self._read_status()
2025-05-16 16:48:54,860 - ERROR - ^
2025-05-16 16:48:54,860 - ERROR - ^
2025-05-16 16:48:54,860 - ERROR - ^
2025-05-16 16:48:54,861 - ERROR - ^
2025-05-16 16:48:54,861 - ERROR - ^
2025-05-16 16:48:54,861 - ERROR - ^
2025-05-16 16:48:54,861 - ERROR - ^
2025-05-16 16:48:54,861 - ERROR - ^
2025-05-16 16:48:54,861 - ERROR - ^
2025-05-16 16:48:54,862 - ERROR - ^
2025-05-16 16:48:54,862 - ERROR - ^
2025-05-16 16:48:54,862 - ERROR - ^
2025-05-16 16:48:54,862 - ERROR - ^
2025-05-16 16:48:54,862 - ERROR - ^
2025-05-16 16:48:54,862 - ERROR - ^
2025-05-16 16:48:54,863 - ERROR - ^
2025-05-16 16:48:54,863 - ERROR - ^
2025-05-16 16:48:54,863 - ERROR - ^
2025-05-16 16:48:54,863 - ERROR - ^
2025-05-16 16:48:54,863 - ERROR - File "C:\Program Files\WindowsApps\PythonSoftwareFoundation.Python.3.11_3.11.2544.0_x64__qbz5n2kfra8p0\Lib\http\client.py", line 286, in _read_status
2025-05-16 16:48:54,864 - ERROR - line = str(self.fp.readline(_MAXLINE + 1), "iso-8859-1")
2025-05-16 16:48:54,864 - ERROR - ^
2025-05-16 16:48:54,865 - ERROR - ^
2025-05-16 16:48:54,865 - ERROR - ^
2025-05-16 16:48:54,865 - ERROR - ^
2025-05-16 16:48:54,865 - ERROR - ^
2025-05-16 16:48:54,865 - ERROR - ^
2025-05-16 16:48:54,865 - ERROR - ^
2025-05-16 16:48:54,866 - ERROR - ^
2025-05-16 16:48:54,866 - ERROR - ^
2025-05-16 16:48:54,866 - ERROR - ^
2025-05-16 16:48:54,866 - ERROR - ^
2025-05-16 16:48:54,866 - ERROR - ^
2025-05-16 16:48:54,866 - ERROR - ^
2025-05-16 16:48:54,866 - ERROR - ^
2025-05-16 16:48:54,867 - ERROR - ^
2025-05-16 16:48:54,867 - ERROR - ^
2025-05-16 16:48:54,867 - ERROR - ^
2025-05-16 16:48:54,867 - ERROR - ^
2025-05-16 16:48:54,867 - ERROR - ^
2025-05-16 16:48:54,867 - ERROR - ^
2025-05-16 16:48:54,868 - ERROR - ^
2025-05-16 16:48:54,868 - ERROR - ^
2025-05-16 16:48:54,868 - ERROR - ^
2025-05-16 16:48:54,868 - ERROR - ^
2025-05-16 16:48:54,868 - ERROR - ^
2025-05-16 16:48:54,868 - ERROR - ^
2025-05-16 16:48:54,868 - ERROR - ^
2025-05-16 16:48:54,869 - ERROR - ^
2025-05-16 16:48:54,869 - ERROR - ^
2025-05-16 16:48:54,869 - ERROR - ^
2025-05-16 16:48:54,869 - ERROR - File "C:\Program Files\WindowsApps\PythonSoftwareFoundation.Python.3.11_3.11.2544.0_x64__qbz5n2kfra8p0\Lib\socket.py", line 706, in readinto
2025-05-16 16:48:54,870 - ERROR - return self._sock.recv_into(b)
2025-05-16 16:48:54,870 - ERROR - ^
2025-05-16 16:48:54,870 - ERROR - ^
2025-05-16 16:48:54,870 - ERROR - ^
2025-05-16 16:48:54,870 - ERROR - ^
2025-05-16 16:48:54,871 - ERROR - ^
2025-05-16 16:48:54,871 - ERROR - ^
2025-05-16 16:48:54,871 - ERROR - ^
2025-05-16 16:48:54,871 - ERROR - ^
2025-05-16 16:48:54,871 - ERROR - ^
2025-05-16 16:48:54,871 - ERROR - ^
2025-05-16 16:48:54,872 - ERROR - ^
2025-05-16 16:48:54,872 - ERROR - ^
2025-05-16 16:48:54,872 - ERROR - ^
2025-05-16 16:48:54,872 - ERROR - ^
2025-05-16 16:48:54,872 - ERROR - ^
2025-05-16 16:48:54,872 - ERROR - ^
2025-05-16 16:48:54,873 - ERROR - ^
2025-05-16 16:48:54,873 - ERROR - ^
2025-05-16 16:48:54,873 - ERROR - ^
2025-05-16 16:48:54,873 - ERROR - ^
2025-05-16 16:48:54,873 - ERROR - ^
2025-05-16 16:48:54,874 - ERROR - ^
2025-05-16 16:48:54,874 - ERROR - ^
2025-05-16 16:48:54,874 - ERROR - File "C:\Program Files\WindowsApps\PythonSoftwareFoundation.Python.3.11_3.11.2544.0_x64__qbz5n2kfra8p0\Lib\ssl.py", line 1314, in recv_into
2025-05-16 16:48:54,875 - ERROR - return self.read(nbytes, buffer)
2025-05-16 16:48:54,875 - ERROR - ^
2025-05-16 16:48:54,875 - ERROR - ^
2025-05-16 16:48:54,875 - ERROR - ^
2025-05-16 16:48:54,876 - ERROR - ^
2025-05-16 16:48:54,876 - ERROR - ^
2025-05-16 16:48:54,876 - ERROR - ^
2025-05-16 16:48:54,876 - ERROR - ^
2025-05-16 16:48:54,876 - ERROR - ^
2025-05-16 16:48:54,877 - ERROR - ^
2025-05-16 16:48:54,877 - ERROR - ^
2025-05-16 16:48:54,877 - ERROR - ^
2025-05-16 16:48:54,877 - ERROR - ^
2025-05-16 16:48:54,877 - ERROR - ^
2025-05-16 16:48:54,877 - ERROR - ^
2025-05-16 16:48:54,878 - ERROR - ^
2025-05-16 16:48:54,878 - ERROR - ^
2025-05-16 16:48:54,878 - ERROR - ^
2025-05-16 16:48:54,878 - ERROR - ^
2025-05-16 16:48:54,878 - ERROR - ^
2025-05-16 16:48:54,878 - ERROR - ^
2025-05-16 16:48:54,879 - ERROR - ^
2025-05-16 16:48:54,879 - ERROR - ^
2025-05-16 16:48:54,879 - ERROR - ^
2025-05-16 16:48:54,879 - ERROR - ^
2025-05-16 16:48:54,879 - ERROR - ^
2025-05-16 16:48:54,879 - ERROR - File "C:\Program Files\WindowsApps\PythonSoftwareFoundation.Python.3.11_3.11.2544.0_x64__qbz5n2kfra8p0\Lib\ssl.py", line 1166, in read
2025-05-16 16:48:54,881 - ERROR - return self._sslobj.read(len, buffer)
2025-05-16 16:48:54,881 - ERROR - ^
2025-05-16 16:48:54,881 - ERROR - ^
2025-05-16 16:48:54,881 - ERROR - ^
2025-05-16 16:48:54,881 - ERROR - ^
2025-05-16 16:48:54,882 - ERROR - ^
2025-05-16 16:48:54,882 - ERROR - ^
2025-05-16 16:48:54,882 - ERROR - ^
2025-05-16 16:48:54,882 - ERROR - ^
2025-05-16 16:48:54,882 - ERROR - ^
2025-05-16 16:48:54,883 - ERROR - ^
2025-05-16 16:48:54,883 - ERROR - ^
2025-05-16 16:48:54,883 - ERROR - ^
2025-05-16 16:48:54,883 - ERROR - ^
2025-05-16 16:48:54,883 - ERROR - ^
2025-05-16 16:48:54,884 - ERROR - ^
2025-05-16 16:48:54,884 - ERROR - ^
2025-05-16 16:48:54,884 - ERROR - ^
2025-05-16 16:48:54,884 - ERROR - ^
2025-05-16 16:48:54,884 - ERROR - ^
2025-05-16 16:48:54,884 - ERROR - ^
2025-05-16 16:48:54,885 - ERROR - ^
2025-05-16 16:48:54,885 - ERROR - ^
2025-05-16 16:48:54,885 - ERROR - ^
2025-05-16 16:48:54,885 - ERROR - ^
2025-05-16 16:48:54,885 - ERROR - ^
2025-05-16 16:48:54,885 - ERROR - ^
2025-05-16 16:48:54,886 - ERROR - ^
2025-05-16 16:48:54,886 - ERROR - ^
2025-05-16 16:48:54,886 - ERROR - ^
2025-05-16 16:48:54,886 - ERROR - ^
2025-05-16 16:48:54,886 - ERROR - KeyboardInterrupt
