2025-05-15 23:43:53,855 - INFO - Log salvato in: execution_logs\script_execution_2025-05-15_23-43-53.log
2025-05-15 23:43:53,855 - INFO - Inizio esecuzione script principale.
2025-05-15 23:43:53,855 - INFO - Step 1: Backup del database e troncamento delle tabelle.
2025-05-15 23:43:53,894 - INFO - package: mysql.connector.plugins
2025-05-15 23:43:53,894 - INFO - plugin_name: caching_sha2_password
2025-05-15 23:43:53,894 - INFO - AUTHENTICATION_PLUGIN_CLASS: MySQLCachingSHA2PasswordAuthPlugin
2025-05-15 23:43:53,974 - INFO - Backup del database completato: db_history\backup_2025-05-15_23-43-53.sql
2025-05-15 23:43:54,139 - INFO - Backup e troncamento completati con successo.
2025-05-15 23:43:54,139 - INFO - Step 2: Estrazione dei rappresentanti della commissione.
2025-05-15 23:43:57,154 - INFO - Estrazione dei rappresentanti completata.
2025-05-15 23:43:57,155 - INFO - Step 3: Raccolta degli ID dei lobbisti.
2025-05-15 23:43:57,155 - INFO - Scraping letter A...
2025-05-15 23:44:48,670 - INFO - Scraping letter B...
2025-05-15 23:45:10,138 - INFO - Scraping letter C...
2025-05-15 23:45:47,236 - INFO - Scraping letter D...
2025-05-15 23:46:04,327 - INFO - Scraping letter E...
2025-05-15 23:47:09,327 - INFO - Scraping letter F...
2025-05-15 23:47:42,263 - INFO - Scraping letter G...
2025-05-15 23:47:56,363 - INFO - Scraping letter H...
2025-05-15 23:48:07,749 - INFO - Scraping letter I...
2025-05-15 23:48:36,187 - INFO - Scraping letter J...
2025-05-15 23:48:39,957 - INFO - Scraping letter K...
2025-05-15 23:48:48,101 - INFO - Scraping letter L...
2025-05-15 23:49:01,015 - INFO - Scraping letter M...
2025-05-15 23:49:17,396 - INFO - Scraping letter N...
2025-05-15 23:49:30,449 - INFO - Scraping letter O...
2025-05-15 23:49:41,057 - INFO - Scraping letter P...
2025-05-15 23:49:59,057 - INFO - Scraping letter Q...
2025-05-15 23:50:00,935 - INFO - Scraping letter R...
2025-05-15 23:50:15,076 - INFO - Scraping letter S...
2025-05-15 23:50:53,038 - INFO - Scraping letter T...
2025-05-15 23:51:14,706 - INFO - Scraping letter U...
2025-05-15 23:51:26,791 - INFO - Scraping letter V...
2025-05-15 23:51:41,032 - INFO - Scraping letter W...
2025-05-15 23:51:49,534 - INFO - Scraping letter X...
2025-05-15 23:51:50,389 - INFO - Scraping letter Y...
2025-05-15 23:51:52,415 - INFO - Scraping letter Z...
2025-05-15 23:51:55,489 - INFO - Raccolta ID lobbisti completata.
2025-05-15 23:51:55,490 - INFO - Step 4: Elaborazione dei lobbisti.
2025-05-15 23:51:55,682 - INFO - Processing lobbyist ID: 000075850398-74
2025-05-15 23:51:56,313 - WARNING - CropBox missing from /Page, defaulting to MediaBox
2025-05-15 23:51:56,354 - WARNING - CropBox missing from /Page, defaulting to MediaBox
2025-05-15 23:51:56,354 - INFO - Processing lobbyist ID: 000104242849-49
2025-05-15 23:51:56,887 - WARNING - CropBox missing from /Page, defaulting to MediaBox
2025-05-15 23:51:56,981 - WARNING - CropBox missing from /Page, defaulting to MediaBox
2025-05-15 23:51:56,981 - INFO - Processing lobbyist ID: 000142439924-52
2025-05-15 23:51:57,264 - ERROR - Errore durante l'elaborazione dei lobbisti: list index out of range
2025-05-15 23:51:57,264 - ERROR - Errore critico: list index out of range. Terminazione dello script.
